// Jest Snapshot v1, https://goo.gl/fbAQLP

exports[`App Component renders pages correctly 1`] = `
Array [
  <h1>
    CORONA VIRUS DISEASE 19 (COVID-19) STATISTICS
  </h1>,
  <div>
    <div />
  </div>,
]
`;
